[
    {
        "uuid": "fakeUuid",
        "payloads": [
            {
                "type": "json_string",
                "content": {
                    "value": "{\"message\":\"message text 1\"}"
                },
                "origin": {
                    "file": "\/tests\/RayTest.php",
                    "line_number": "xxx",
                    "hostname": "fake-hostname"
                }
            },
            {
                "type": "json_string",
                "content": {
                    "value": "{\"message\":\"message text 2\"}"
                },
                "origin": {
                    "file": "\/tests\/RayTest.php",
                    "line_number": "xxx",
                    "hostname": "fake-hostname"
                }
            }
        ],
        "meta": []
    }
]
