[
    {
        "uuid": "fakeUuid",
        "payloads": [
            {
                "type": "table",
                "content": {
                    "values": {
                        "First": "First value",
                        "Second": "Second value",
                        "Third": "Third value"
                    },
                    "label": "Table"
                },
                "origin": {
                    "file": "\/tests\/RayTest.php",
                    "line_number": "xxx",
                    "hostname": "Alexs-MacBook-Pro.local"
                }
            }
        ],
        "meta": []
    }
]
