[
    {
        "uuid": "fakeUuid",
        "payloads": [
            {
                "type": "log",
                "content": {
                    "values": [
                        "\ud83c\udfb6 \ud83c\udfb9 \ud83c\udfb7 \ud83d\udd7a"
                    ]
                },
                "origin": {
                    "file": "\/tests\/RayTest.php",
                    "line_number": "xxx",
                    "hostname": "Alexs-MacBook-Pro.local"
                }
            }
        ],
        "meta": []
    }
]
