[
    {
        "uuid": "fakeUuid",
        "payloads": [
            {
                "type": "show_app",
                "content": [],
                "origin": {
                    "file": "\/tests\/RayTest.php",
                    "line_number": "xxx",
                    "hostname": "Alexs-MacBook-Pro.local"
                }
            }
        ],
        "meta": []
    }
]
