[
    {
        "uuid": "fakeUuid",
        "payloads": [
            {
                "type": "custom",
                "content": {
                    "content": null,
                    "label": "Null"
                },
                "origin": {
                    "file": "\/tests\/RayTest.php",
                    "line_number": "xxx"
                }
            }
        ],
        "meta": []
    }
]
