[
    {
        "uuid": "fakeUuid",
        "payloads": [
            {
                "type": "custom",
                "content": {
                    "content": "<img src=\"http:\/\/localhost\/test.jpg\" alt=\"\" \/>",
                    "label": "Image"
                },
                "origin": {
                    "file": "\/tests\/RayTest.php",
                    "line_number": "xxx",
                    "hostname": "Alexs-MacBook-Pro.local"
                }
            }
        ],
        "meta": []
    }
]
