[
    {
        "uuid": "fakeUuid",
        "payloads": [
            {
                "type": "log",
                "content": {
                    "values": [
                        "limited loop A iteration 0"
                    ]
                },
                "origin": {
                    "file": "\/tests\/RayTest.php",
                    "line_number": "xxx",
                    "hostname": "fake-hostname"
                }
            }
        ],
        "meta": []
    },
    {
        "uuid": "fakeUuid",
        "payloads": [
            {
                "type": "log",
                "content": {
                    "values": [
                        "limited loop B iteration 0"
                    ]
                },
                "origin": {
                    "file": "\/tests\/RayTest.php",
                    "line_number": "xxx",
                    "hostname": "fake-hostname"
                }
            }
        ],
        "meta": []
    },
    {
        "uuid": "361781d7ec86ddb2ba16080878cbb6f4",
        "payloads": [
            {
                "type": "custom",
                "content": {
                    "content": "<div class=\"text-red-600\">Limit reached at filename.php line 123<\/div>",
                    "label": "RateLimit"
                },
                "origin": {
                    "file": "\/tests\/RayTest.php",
                    "line_number": "xxx",
                    "hostname": "fake-hostname"
                }
            }
        ],
        "meta": []
    },
    {
        "uuid": "2abe2494ac52775757856f6d93947990",
        "payloads": [
            {
                "type": "custom",
                "content": {
                    "content": "<div class=\"text-red-600\">Limit reached at filename.php line 124<\/div>",
                    "label": "RateLimit"
                },
                "origin": {
                    "file": "\/tests\/RayTest.php",
                    "line_number": "xxx",
                    "hostname": "fake-hostname"
                }
            }
        ],
        "meta": []
    }
]
