[
    {
        "uuid": "fakeUuid",
        "payloads": [
            {
                "type": "exception",
                "content": {
                    "class": "Exception",
                    "message": "test",
                    "frames": [],
                    "meta": []
                },
                "origin": {
                    "file": "\/tests\/RayTest.php",
                    "line_number": "xxx",
                    "hostname": "fake-hostname"
                }
            }
        ],
        "meta": []
    },
    {
        "uuid": "fakeUuid",
        "payloads": [
            {
                "type": "color",
                "content": {
                    "color": "red"
                },
                "origin": {
                    "file": "\/tests\/RayTest.php",
                    "line_number": "xxx",
                    "hostname": "fake-hostname"
                }
            }
        ],
        "meta": []
    }
]
