[
    {
        "uuid": "fakeUuid",
        "payloads": [
            {
                "type": "new_screen",
                "content": {
                    "name": "my-screen"
                },
                "origin": {
                    "file": "\/tests\/RayTest.php",
                    "line_number": "xxx",
                    "hostname": "Alexs-MacBook-Pro.local"
                }
            }
        ],
        "meta": []
    },
    {
        "uuid": "fakeUuid",
        "payloads": [
            {
                "type": "new_screen",
                "content": {
                    "name": ""
                },
                "origin": {
                    "file": "\/tests\/RayTest.php",
                    "line_number": "xxx",
                    "hostname": "Alexs-MacBook-Pro.local"
                }
            }
        ],
        "meta": []
    }
]
