[
    {
        "uuid": "fakeUuid",
        "payloads": [
            {
                "type": "custom",
                "content": {
                    "content": "&lt;?xml&nbsp;version=&quot;1.0&quot;?&gt;<br>&lt;one&gt;<br>&nbsp;&nbsp;&lt;two&gt;2&lt;\/two&gt;<br>&lt;\/one&gt;",
                    "label": "XML"
                },
                "origin": {
                    "file": "\/tests\/RayTest.php",
                    "line_number": "xxx"
                }
            }
        ],
        "meta": []
    }
]
